// Jest Snapshot v1, https://goo.gl/fbAQLP

exports[`survey renders 1`] = `ShallowWrapper {}`;
